2026-06-20 16:47:18,751 INFO o.a.j.u.JMeterUtils: Setting Locale to en_EN
2026-06-20 16:47:18,793 INFO o.a.j.JMeter: Loading user properties from: /opt/jmeter/bin/user.properties
2026-06-20 16:47:18,793 INFO o.a.j.JMeter: Loading system properties from: /opt/jmeter/bin/system.properties
2026-06-20 16:47:18,804 INFO o.a.j.JMeter: Copyright (c) 1998-2024 The Apache Software Foundation
2026-06-20 16:47:18,804 INFO o.a.j.JMeter: Version 5.6.3
2026-06-20 16:47:18,805 INFO o.a.j.JMeter: java.version=25.0.2
2026-06-20 16:47:18,805 INFO o.a.j.JMeter: java.vm.name=OpenJDK 64-Bit Server VM
2026-06-20 16:47:18,805 INFO o.a.j.JMeter: os.name=Linux
2026-06-20 16:47:18,805 INFO o.a.j.JMeter: os.arch=amd64
2026-06-20 16:47:18,805 INFO o.a.j.JMeter: os.version=7.0.0-22-generic
2026-06-20 16:47:18,805 INFO o.a.j.JMeter: file.encoding=UTF-8
2026-06-20 16:47:18,806 INFO o.a.j.JMeter: java.awt.headless=null
2026-06-20 16:47:18,806 INFO o.a.j.JMeter: Max memory     =1073741824
2026-06-20 16:47:18,806 INFO o.a.j.JMeter: Available Processors =8
2026-06-20 16:47:18,841 INFO o.a.j.JMeter: Default Locale=English (EN)
2026-06-20 16:47:18,842 INFO o.a.j.JMeter: JMeter  Locale=English (EN)
2026-06-20 16:47:18,842 INFO o.a.j.JMeter: JMeterHome=/opt/jmeter
2026-06-20 16:47:18,842 INFO o.a.j.JMeter: user.dir  =/home/stirven/QA
2026-06-20 16:47:18,843 INFO o.a.j.JMeter: PWD       =/home/stirven/QA
2026-06-20 16:47:18,843 INFO o.a.j.JMeter: IP: 127.0.1.1 Name: LUM580 FullName: LUM580
